// Jest Snapshot v1, https://goo.gl/fbAQLP

exports[`Image renders default image with border 1`] = `<img />`;
